Welcome to Qwirkle!
-------------------


Menu
----
1. New Game
2. Load Game
3. Show student infomation
4. Quit

> 3
Showing student info....
Name: Isaiah Cuzzupe
Student ID: s3743803
Email: s3743803@student.rmit.edu.au

Name: Jack Swallow
Student ID: s3541003
Email: s3541003@student.rmit.edu.au

Name: Shrey Parekh
Student ID: s3710669
Email: s3710669@student.rmit.edu.au

Name: Andrew Ellis
Student ID: s3747746
Email: s3747746@student.rmit.edu.au


Menu
----
1. New Game
2. Load Game
3. Show student infomation
4. Quit

> 4
Goodbye!